WHSE_FOREST_VEGETATION.BEC_BIOGEOCLIMATIC_POLY
WHSE_FOREST_VEGETATION.VEG_CONSOLIDATED_CUT_BLOCKS_SP
WHSE_WATER_MANAGEMENT.WLS_COMMUNITY_WS_PUB_SVW
WHSE_ADMIN_BOUNDARIES.FADM_DESIGNATED_AREAS
WHSE_LAND_AND_NATURAL_RESOURCE.PROT_CURRENT_FIRE_POLYS_SP
WHSE_LAND_AND_NATURAL_RESOURCE.PROT_HISTORICAL_FIRE_POLYS_SP
WHSE_WILDLIFE_MANAGEMENT.WCP_FISH_SENSITIVE_WS_POLY
WHSE_BASEMAPPING.FWA_ASSESSMENT_WATERSHEDS_POLY
WHSE_BASEMAPPING.FWA_STREAM_NETWORKS_SP
WHSE_BASEMAPPING.FWA_WETLANDS_POLY
WHSE_LAND_USE_PLANNING.RMP_LANDSCAPE_UNIT_SVW
WHSE_MINERAL_TENURE.MTA_SITE_SP
WHSE_LAND_USE_PLANNING.RMP_OGMA_LEGAL_CURRENT_SVW
WHSE_LAND_USE_PLANNING.RMP_OGMA_NON_LEGAL_CURRENT_SVW
WHSE_FOREST_VEGETATION.F_OWN
WHSE_LEGAL_ADMIN_BOUNDARIES.WCL_CONSERVATION_LANDS_SP
WHSE_FOREST_TENURE.FTEN_RECREATION_POLY_SVW
WHSE_LAND_USE_PLANNING.RMP_PLAN_LEGAL_POLY_SVW
WHSE_LAND_USE_PLANNING.RMP_PLAN_NON_LEGAL_POLY_SVW
WHSE_LAND_USE_PLANNING.RMP_STRGC_LAND_RSRCE_PLAN_SVW
WHSE_ADMIN_BOUNDARIES.FADM_TSA
WHSE_TERRESTRIAL_ECOLOGY.STE_TER_STABILITY_POLYS_SVW
WHSE_WILDLIFE_MANAGEMENT.WCP_UNGULATE_WINTER_RANGE_SP
WHSE_FOREST_VEGETATION.REC_VISUAL_LANDSCAPE_INVENTORY
WHSE_WILDLIFE_MANAGEMENT.WCP_WILDLIFE_HABITAT_AREA_POLY
WHSE_TANTALIS.TA_WILDLIFE_MGMT_AREAS_SVW
whse_forest_vegetation.gry_psp_status_active
WHSE_FOREST_VEGETATION.RESPROJ_RSRCH_INSTLTNS_GOV_SVW